[debug] [2026-02-03T10:16:12.619Z] ----------------------------------------------------------------------
[debug] [2026-02-03T10:16:12.622Z] Command:       C:\Program Files\nodejs\node.exe C:\Users\abhishek\AppData\Roaming\npm\node_modules\firebase-tools\lib\bin\firebase.js projects:list
[debug] [2026-02-03T10:16:12.622Z] CLI Version:   15.5.1
[debug] [2026-02-03T10:16:12.622Z] Platform:      win32
[debug] [2026-02-03T10:16:12.622Z] Node Version:  v25.2.1
[debug] [2026-02-03T10:16:12.622Z] Time:          Tue Feb 03 2026 15:46:12 GMT+0530 (India Standard Time)
[debug] [2026-02-03T10:16:12.623Z] ----------------------------------------------------------------------
[debug] 
[debug] [2026-02-03T10:16:12.624Z] >>> [apiv2][query] GET https://firebase-public.firebaseio.com/cli.json [none]
[debug] [2026-02-03T10:16:12.657Z] > command requires scopes: ["email","openid","https://www.googleapis.com/auth/cloudplatformprojects.readonly","https://www.googleapis.com/auth/firebase","https://www.googleapis.com/auth/cloud-platform"]
[debug] [2026-02-03T10:16:12.657Z] > authorizing via signed-in user (abhithegod68@gmail.com)
[debug] [2026-02-03T10:16:12.662Z] Checked if tokens are valid: false, expires at: 1768292449744
[debug] [2026-02-03T10:16:12.662Z] Checked if tokens are valid: false, expires at: 1768292449744
[debug] [2026-02-03T10:16:12.662Z] > refreshing access token with scopes: []
[debug] [2026-02-03T10:16:12.664Z] >>> [apiv2][query] POST https://www.googleapis.com/oauth2/v3/token [none]
[debug] [2026-02-03T10:16:12.664Z] >>> [apiv2][body] POST https://www.googleapis.com/oauth2/v3/token [omitted]
[debug] [2026-02-03T10:16:12.879Z] <<< [apiv2][status] POST https://www.googleapis.com/oauth2/v3/token 400
[debug] [2026-02-03T10:16:12.879Z] <<< [apiv2][body] POST https://www.googleapis.com/oauth2/v3/token [omitted]
[debug] [2026-02-03T10:16:12.879Z] >>> [apiv2][query] GET https://firebase.googleapis.com/v1beta1/projects pageSize=1000
[debug] [2026-02-03T10:16:13.028Z] <<< [apiv2][status] GET https://firebase.googleapis.com/v1beta1/projects 401
[debug] [2026-02-03T10:16:13.028Z] <<< [apiv2][body] GET https://firebase.googleapis.com/v1beta1/projects [omitted]
[debug] [2026-02-03T10:16:13.028Z] Got a 401 Unauthenticated error for a call that required authentication. Refreshing tokens.
[debug] [2026-02-03T10:16:13.028Z] Checked if tokens are valid: false, expires at: 1768292449744
[debug] [2026-02-03T10:16:13.028Z] Checked if tokens are valid: false, expires at: 1768292449744
[debug] [2026-02-03T10:16:13.028Z] > refreshing access token with scopes: []
[debug] [2026-02-03T10:16:13.028Z] >>> [apiv2][query] POST https://www.googleapis.com/oauth2/v3/token [none]
[debug] [2026-02-03T10:16:13.028Z] >>> [apiv2][body] POST https://www.googleapis.com/oauth2/v3/token [omitted]
[debug] [2026-02-03T10:16:13.173Z] <<< [apiv2][status] POST https://www.googleapis.com/oauth2/v3/token 400
[debug] [2026-02-03T10:16:13.173Z] <<< [apiv2][body] POST https://www.googleapis.com/oauth2/v3/token [omitted]
[debug] [2026-02-03T10:16:13.174Z] Request to https://firebase.googleapis.com/v1beta1/projects?pageSize=1000 had HTTP Error: 401, Request had invalid authentication credentials. Expected OAuth 2 access token, login cookie or other valid authentication credential. See https://developers.google.com/identity/sign-in/web/devconsole-project.
[debug] [2026-02-03T10:16:13.256Z] <<< [apiv2][status] GET https://firebase-public.firebaseio.com/cli.json 200
[debug] [2026-02-03T10:16:13.256Z] <<< [apiv2][body] GET https://firebase-public.firebaseio.com/cli.json {"cloudBuildErrorAfter":1594252800000,"cloudBuildWarnAfter":1590019200000,"defaultNode10After":1594252800000,"minVersion":"3.0.5","node8DeploysDisabledAfter":1613390400000,"node8RuntimeDisabledAfter":1615809600000,"node8WarnAfter":1600128000000}
[debug] [2026-02-03T10:16:13.267Z] FirebaseError: Request to https://firebase.googleapis.com/v1beta1/projects?pageSize=1000 had HTTP Error: 401, Request had invalid authentication credentials. Expected OAuth 2 access token, login cookie or other valid authentication credential. See https://developers.google.com/identity/sign-in/web/devconsole-project.
    at responseToError (C:\Users\abhishek\AppData\Roaming\npm\node_modules\firebase-tools\lib\responseToError.js:53:12)
    at RetryOperation._fn (C:\Users\abhishek\AppData\Roaming\npm\node_modules\firebase-tools\lib\apiv2.js:330:77)
    at process.processTicksAndRejections (node:internal/process/task_queues:103:5)
[error] 
[error] Error: Failed to list Firebase projects. See firebase-debug.log for more info.
